
> medical-appointment-backend@1.0.0 start
> node server.js


╔══════════════════════════════════════════════╗
║       MediQueue API — Server Running         ║
╠══════════════════════════════════════════════╣
║  URL   : http://localhost:5000               ║
║  Env   : development                        ║
╠══════════════════════════════════════════════╣
║  Endpoints:                                  ║
║  GET  /health                                ║
║  GET  /api/patients                          ║
║  POST /api/patients                          ║
║  GET  /api/patients/:id                      ║
║  PUT  /api/patients/:id/verify               ║
║  PUT  /api/patients/:id/start                ║
║  PUT  /api/patients/:id/complete             ║
╚══════════════════════════════════════════════╝

[2026-04-12 04:55:30] GET    /health                             [32m→ 200[0m (14ms)
[2026-04-12 04:55:30] GET    /api/patients                       [32m→ 200[0m (3ms)
[2026-04-12 04:55:38] GET    /api/patients                       [32m→ 200[0m (1ms)
[2026-04-12 04:56:27] GET    /api/patients                       [32m→ 200[0m (2ms)
[2026-04-12 04:57:02] POST   /api/patients                       [32m→ 201[0m (5ms)
[2026-04-12 04:57:20] PUT    /api/patients/51e76516-2b1f-4738-bd58-7a8a1df20599/verify [32m→ 200[0m (2ms)
[2026-04-12 04:59:26] GET    /api/patients                       [32m→ 200[0m (9ms)
[2026-04-12 04:59:26] GET    /api/patients                       [32m→ 304[0m (6ms)
[2026-04-12 04:59:26] GET    /api/patients                       [32m→ 304[0m (5ms)
[2026-04-12 04:59:42] GET    /api/patients                       [32m→ 304[0m (3ms)
[2026-04-12 04:59:42] GET    /api/patients                       [32m→ 304[0m (1ms)
[2026-04-12 04:59:48] PUT    /api/patients/seed-003/start        [32m→ 200[0m (3ms)
[2026-04-12 04:59:48] GET    /api/patients                       [32m→ 200[0m (3ms)
[2026-04-12 04:59:50] PUT    /api/patients/seed-002/complete     [32m→ 200[0m (3ms)
[2026-04-12 04:59:50] GET    /api/patients                       [32m→ 200[0m (2ms)
[2026-04-12 04:59:52] GET    /api/patients                       [32m→ 304[0m (3ms)
[2026-04-12 04:59:55] GET    /api/patients                       [32m→ 304[0m (2ms)
[2026-04-12 04:59:55] GET    /api/patients                       [32m→ 304[0m (2ms)
[2026-04-12 05:00:05] GET    /api/patients                       [32m→ 304[0m (2ms)
[2026-04-12 05:00:15] GET    /api/patients                       [32m→ 304[0m (1ms)
[2026-04-12 05:00:17] GET    /health                             [32m→ 200[0m (1ms)
[2026-04-12 05:00:17] GET    /api/patients                       [32m→ 200[0m (1ms)
[2026-04-12 05:00:25] GET    /api/patients                       [32m→ 304[0m (1ms)
[2026-04-12 05:00:35] GET    /api/patients                       [32m→ 304[0m (1ms)
[2026-04-12 05:00:45] GET    /api/patients                       [32m→ 304[0m (1ms)
[2026-04-12 05:00:55] GET    /api/patients                       [32m→ 304[0m (2ms)
[2026-04-12 05:00:56] GET    /api/patients                       [32m→ 304[0m (2ms)
[2026-04-12 05:00:56] GET    /api/patients                       [32m→ 304[0m (1ms)
[2026-04-12 05:01:03] GET    /api/patients                       [32m→ 304[0m (1ms)
[2026-04-12 05:01:03] GET    /api/patients                       [32m→ 304[0m (1ms)
[2026-04-12 05:01:09] PUT    /api/patients/seed-004/verify       [32m→ 200[0m (1ms)
[2026-04-12 05:01:09] GET    /api/patients                       [32m→ 200[0m (3ms)
[2026-04-12 05:01:12] PUT    /api/patients/seed-005/verify       [32m→ 200[0m (1ms)
[2026-04-12 05:01:12] GET    /api/patients                       [32m→ 200[0m (1ms)
[2026-04-12 05:01:13] GET    /api/patients                       [32m→ 304[0m (1ms)
[2026-04-12 05:01:23] GET    /api/patients                       [32m→ 304[0m (2ms)
[2026-04-12 05:01:33] GET    /api/patients                       [32m→ 304[0m (3ms)
[2026-04-12 05:01:43] GET    /api/patients                       [32m→ 304[0m (2ms)
[2026-04-12 05:01:53] GET    /api/patients                       [32m→ 304[0m (1ms)
[2026-04-12 05:01:57] GET    /api/patients                       [32m→ 304[0m (0ms)
[2026-04-12 05:01:57] GET    /api/patients                       [32m→ 304[0m (0ms)
[2026-04-12 05:03:22] GET    /api/patients                       [32m→ 304[0m (4ms)
[2026-04-12 05:03:22] GET    /api/patients                       [32m→ 304[0m (3ms)
[2026-04-12 05:04:03] GET    /api/patients                       [32m→ 304[0m (0ms)
[2026-04-12 05:04:03] GET    /api/patients                       [32m→ 304[0m (0ms)
[2026-04-12 05:04:11] GET    /api/patients                       [32m→ 304[0m (1ms)
[2026-04-12 05:04:11] GET    /api/patients                       [32m→ 304[0m (1ms)
[2026-04-12 05:07:39] GET    /api/patients                       [32m→ 304[0m (1ms)
[2026-04-12 05:07:39] GET    /api/patients                       [32m→ 304[0m (2ms)
[2026-04-12 05:07:40] GET    /api/patients                       [32m→ 304[0m (1ms)
[2026-04-12 05:07:40] GET    /api/patients                       [32m→ 304[0m (1ms)
[2026-04-12 05:07:45] GET    /api/patients                       [32m→ 304[0m (1ms)
[2026-04-12 05:07:45] GET    /api/patients                       [32m→ 304[0m (1ms)
[2026-04-12 05:07:50] PUT    /api/patients/51e76516-2b1f-4738-bd58-7a8a1df20599/start [32m→ 200[0m (0ms)
[2026-04-12 05:07:50] GET    /api/patients                       [32m→ 200[0m (1ms)
[2026-04-12 05:07:52] PUT    /api/patients/51e76516-2b1f-4738-bd58-7a8a1df20599/complete [32m→ 200[0m (1ms)
[2026-04-12 05:07:52] GET    /api/patients                       [32m→ 200[0m (3ms)
[2026-04-12 05:07:55] GET    /api/patients                       [32m→ 304[0m (1ms)
[2026-04-12 05:07:55] GET    /api/patients                       [32m→ 304[0m (1ms)
[2026-04-12 05:07:58] GET    /api/patients                       [32m→ 304[0m (1ms)
[2026-04-12 05:07:58] GET    /api/patients                       [32m→ 304[0m (1ms)
[2026-04-12 05:08:04] GET    /api/patients                       [32m→ 304[0m (1ms)
[2026-04-12 05:08:04] GET    /api/patients                       [32m→ 304[0m (0ms)
[2026-04-12 05:08:14] GET    /api/patients                       [32m→ 304[0m (0ms)
[2026-04-12 05:08:49] POST   /api/patients                       [32m→ 201[0m (0ms)
[2026-04-12 05:08:51] GET    /api/patients                       [32m→ 200[0m (1ms)
[2026-04-12 05:08:51] GET    /api/patients                       [32m→ 304[0m (0ms)
[2026-04-12 05:09:06] GET    /api/patients                       [32m→ 304[0m (1ms)
[2026-04-12 05:09:21] GET    /api/patients                       [32m→ 304[0m (1ms)
[2026-04-12 05:09:36] GET    /api/patients                       [32m→ 304[0m (1ms)
[2026-04-12 05:09:52] GET    /api/patients                       [32m→ 304[0m (1ms)
[2026-04-12 05:10:06] GET    /api/patients                       [32m→ 304[0m (1ms)
[2026-04-12 05:10:22] GET    /api/patients                       [32m→ 304[0m (2ms)
[2026-04-12 05:10:36] GET    /api/patients                       [32m→ 304[0m (1ms)
[2026-04-12 05:11:03] GET    /api/patients                       [32m→ 304[0m (1ms)
[2026-04-12 05:12:02] GET    /api/patients                       [32m→ 304[0m (1ms)
[2026-04-12 05:13:03] GET    /api/patients                       [32m→ 304[0m (0ms)
[2026-04-12 05:14:02] GET    /api/patients                       [32m→ 304[0m (1ms)
[2026-04-12 05:15:03] GET    /api/patients                       [32m→ 304[0m (1ms)
[2026-04-12 05:16:02] GET    /api/patients                       [32m→ 304[0m (0ms)
[2026-04-12 05:17:03] GET    /api/patients                       [32m→ 304[0m (1ms)
[2026-04-12 05:18:02] GET    /api/patients                       [32m→ 304[0m (1ms)
[2026-04-12 05:19:01] GET    /api/patients                       [32m→ 304[0m (1ms)
[2026-04-12 05:19:06] GET    /api/patients                       [32m→ 304[0m (1ms)
[2026-04-12 05:19:22] GET    /api/patients                       [32m→ 304[0m (1ms)
[2026-04-12 05:19:36] GET    /api/patients                       [32m→ 304[0m (0ms)
[2026-04-12 05:19:52] GET    /api/patients                       [32m→ 304[0m (0ms)
[2026-04-12 05:20:54] GET    /api/patients                       [32m→ 304[0m (1ms)
[2026-04-12 05:21:06] GET    /api/patients                       [32m→ 304[0m (1ms)
[2026-04-12 05:21:22] GET    /api/patients                       [32m→ 304[0m (1ms)
[2026-04-12 05:21:36] GET    /api/patients                       [32m→ 304[0m (1ms)
[2026-04-12 05:21:52] GET    /api/patients                       [32m→ 304[0m (0ms)
[2026-04-12 05:23:03] GET    /api/patients                       [32m→ 304[0m (1ms)
[2026-04-12 05:24:02] GET    /api/patients                       [32m→ 304[0m (1ms)
[2026-04-12 05:40:23] GET    /api/patients                       [32m→ 304[0m (1ms)
[2026-04-12 05:40:36] GET    /api/patients                       [32m→ 304[0m (1ms)
[2026-04-12 05:40:52] GET    /api/patients                       [32m→ 304[0m (3ms)
[2026-04-12 05:41:06] GET    /api/patients                       [32m→ 304[0m (0ms)
[2026-04-12 05:41:17] GET    /                                   [32m→ 200[0m (8ms)
[2026-04-12 05:41:17] GET    /favicon.ico                        [33m→ 404[0m (2ms)
[2026-04-12 05:41:21] GET    /api/patients                       [32m→ 304[0m (1ms)
[2026-04-12 05:41:31] GET    /api/patients                       [32m→ 304[0m (1ms)
[2026-04-12 05:41:31] GET    /api/patients                       [32m→ 304[0m (1ms)
[2026-04-12 05:41:38] GET    /api/patients                       [32m→ 304[0m (1ms)
[2026-04-12 05:41:38] GET    /api/patients                       [32m→ 304[0m (1ms)
[2026-04-12 05:41:39] GET    /api/patients                       [32m→ 304[0m (0ms)
[2026-04-12 05:41:40] GET    /api/patients                       [32m→ 304[0m (0ms)
[2026-04-12 05:41:49] GET    /api/patients                       [32m→ 304[0m (1ms)
[2026-04-12 05:41:52] GET    /api/patients                       [32m→ 304[0m (1ms)
[2026-04-12 05:41:52] GET    /api/patients                       [32m→ 304[0m (0ms)
[2026-04-12 05:41:55] PUT    /api/patients/e2e68ff9-61f2-4c4f-852f-9bc3a76c793d/verify [32m→ 200[0m (2ms)
[2026-04-12 05:41:56] GET    /api/patients                       [32m→ 200[0m (1ms)
[2026-04-12 05:42:01] GET    /api/patients                       [32m→ 304[0m (0ms)
[2026-04-12 05:42:05] GET    /api/patients                       [32m→ 304[0m (0ms)
[2026-04-12 05:42:05] GET    /api/patients                       [32m→ 304[0m (3ms)
[2026-04-12 05:42:09] PUT    /api/patients/e2e68ff9-61f2-4c4f-852f-9bc3a76c793d/start [32m→ 200[0m (2ms)
[2026-04-12 05:42:09] GET    /api/patients                       [32m→ 200[0m (1ms)
[2026-04-12 05:42:14] PUT    /api/patients/e2e68ff9-61f2-4c4f-852f-9bc3a76c793d/complete [32m→ 200[0m (1ms)
[2026-04-12 05:42:14] GET    /api/patients                       [32m→ 200[0m (1ms)
[2026-04-12 05:42:15] GET    /api/patients                       [32m→ 304[0m (1ms)
[2026-04-12 05:42:19] PUT    /api/patients/seed-003/complete     [32m→ 200[0m (2ms)
[2026-04-12 05:42:20] GET    /api/patients                       [32m→ 200[0m (0ms)
[2026-04-12 05:42:23] PUT    /api/patients/seed-004/start        [32m→ 200[0m (0ms)
[2026-04-12 05:42:24] GET    /api/patients                       [32m→ 200[0m (4ms)
[2026-04-12 05:42:25] GET    /api/patients                       [32m→ 304[0m (2ms)
[2026-04-12 05:42:26] PUT    /api/patients/seed-004/complete     [32m→ 200[0m (0ms)
[2026-04-12 05:42:27] GET    /api/patients                       [32m→ 200[0m (0ms)
[2026-04-12 05:42:29] PUT    /api/patients/seed-005/start        [32m→ 200[0m (1ms)
[2026-04-12 05:42:29] GET    /api/patients                       [32m→ 200[0m (1ms)
[2026-04-12 05:42:32] PUT    /api/patients/seed-005/complete     [32m→ 200[0m (2ms)
[2026-04-12 05:42:33] GET    /api/patients                       [32m→ 200[0m (1ms)
[2026-04-12 05:42:35] GET    /api/patients                       [32m→ 304[0m (0ms)
[2026-04-12 05:42:42] GET    /api/patients                       [32m→ 304[0m (1ms)
[2026-04-12 05:42:42] GET    /api/patients                       [32m→ 304[0m (1ms)
[2026-04-12 05:42:51] GET    /api/patients                       [32m→ 304[0m (1ms)
[2026-04-12 05:42:51] GET    /api/patients                       [32m→ 304[0m (2ms)
[2026-04-12 13:39:09] GET    /api/patients                       [32m→ 200[0m (49ms)
[2026-04-12 13:39:10] GET    /api/patients                       [32m→ 304[0m (3ms)
[2026-04-12 13:39:23] GET    /api/patients                       [32m→ 304[0m (3ms)
[2026-04-12 13:39:23] GET    /api/patients                       [32m→ 304[0m (2ms)
[2026-04-12 13:41:25] GET    /api/patients                       [32m→ 304[0m (2ms)
[2026-04-12 13:41:25] GET    /api/patients                       [32m→ 304[0m (1ms)
[2026-04-12 13:41:28] GET    /api/patients                       [32m→ 304[0m (1ms)
[2026-04-12 13:41:28] GET    /api/patients                       [32m→ 304[0m (1ms)
[2026-04-12 13:41:38] GET    /api/patients                       [32m→ 304[0m (2ms)
[2026-04-12 13:44:57] GET    /api/patients                       [32m→ 304[0m (2ms)
[2026-04-12 13:44:57] GET    /api/patients                       [32m→ 304[0m (1ms)
[2026-04-12 13:45:06] GET    /api/patients                       [32m→ 304[0m (2ms)
[2026-04-12 13:45:06] GET    /api/patients                       [32m→ 304[0m (4ms)
[2026-04-12 13:45:35] GET    /api/patients                       [32m→ 304[0m (1ms)
[2026-04-12 13:45:35] GET    /api/patients                       [32m→ 304[0m (3ms)
[2026-04-12 13:45:44] GET    /api/patients                       [32m→ 304[0m (2ms)
[2026-04-12 13:45:44] GET    /api/patients                       [32m→ 304[0m (2ms)
[2026-04-12 13:45:54] GET    /api/patients                       [32m→ 304[0m (2ms)
[2026-04-12 13:45:57] GET    /api/patients                       [32m→ 304[0m (1ms)
[2026-04-12 13:45:57] GET    /api/patients                       [32m→ 304[0m (2ms)
[2026-04-12 13:49:05] GET    /api/patients                       [32m→ 304[0m (2ms)
[2026-04-12 13:49:05] GET    /api/patients                       [32m→ 304[0m (1ms)
[2026-04-12 13:49:07] GET    /api/patients                       [32m→ 304[0m (1ms)
[2026-04-12 13:49:07] GET    /api/patients                       [32m→ 304[0m (2ms)
[2026-04-12 13:50:19] GET    /api/patients                       [32m→ 304[0m (11ms)
[2026-04-12 13:50:19] GET    /api/patients                       [32m→ 304[0m (1ms)
[2026-04-12 13:54:36] GET    /api/patients                       [32m→ 304[0m (13ms)
[2026-04-12 13:54:39] GET    /api/patients                       [32m→ 304[0m (1ms)
[2026-04-12 13:54:39] GET    /api/patients                       [32m→ 304[0m (3ms)
[2026-04-12 13:54:44] GET    /api/patients                       [32m→ 304[0m (2ms)
[2026-04-12 13:54:44] GET    /api/patients                       [32m→ 304[0m (2ms)
[2026-04-12 13:54:45] GET    /api/patients                       [32m→ 304[0m (2ms)
[2026-04-12 13:54:45] GET    /api/patients                       [32m→ 304[0m (4ms)
[2026-04-12 13:54:48] GET    /api/patients                       [32m→ 304[0m (2ms)
[2026-04-12 13:54:48] GET    /api/patients                       [32m→ 304[0m (3ms)
[2026-04-12 13:54:51] GET    /api/patients                       [32m→ 304[0m (1ms)
[2026-04-12 13:54:51] GET    /api/patients                       [32m→ 304[0m (0ms)
[2026-04-12 13:54:59] GET    /api/patients                       [32m→ 304[0m (1ms)
[2026-04-12 13:54:59] GET    /api/patients                       [32m→ 304[0m (4ms)
[2026-04-12 13:55:11] GET    /api/patients                       [32m→ 304[0m (2ms)
[2026-04-12 13:55:11] GET    /api/patients                       [32m→ 304[0m (2ms)
[2026-04-12 13:55:15] GET    /api/patients                       [32m→ 304[0m (1ms)
[2026-04-12 13:55:15] GET    /api/patients                       [32m→ 304[0m (2ms)
[2026-04-12 13:55:19] GET    /api/patients                       [32m→ 304[0m (1ms)
[2026-04-12 13:55:19] GET    /api/patients                       [32m→ 304[0m (1ms)
[2026-04-12 13:55:26] GET    /api/patients                       [32m→ 304[0m (3ms)
[2026-04-12 13:55:26] GET    /api/patients                       [32m→ 304[0m (2ms)
[2026-04-12 13:55:37] GET    /api/patients                       [32m→ 304[0m (2ms)
[2026-04-12 13:55:37] GET    /api/patients                       [32m→ 304[0m (2ms)
[2026-04-12 13:55:42] GET    /api/patients                       [32m→ 304[0m (3ms)
[2026-04-12 13:55:42] GET    /api/patients                       [32m→ 304[0m (1ms)
[2026-04-12 13:55:59] GET    /api/patients                       [32m→ 200[0m (3ms)
[2026-04-12 13:55:59] GET    /api/patients                       [32m→ 304[0m (6ms)
[2026-04-12 13:56:10] GET    /api/patients                       [32m→ 304[0m (1ms)
[2026-04-12 13:56:10] GET    /api/patients                       [32m→ 304[0m (1ms)
[2026-04-12 13:58:19] GET    /api/patients                       [32m→ 304[0m (2ms)
[2026-04-12 13:58:19] GET    /api/patients                       [32m→ 304[0m (4ms)
[2026-04-12 13:58:23] GET    /api/patients                       [32m→ 304[0m (3ms)
[2026-04-12 13:58:23] GET    /api/patients                       [32m→ 304[0m (2ms)
[2026-04-12 13:58:27] GET    /api/patients                       [32m→ 304[0m (1ms)
[2026-04-12 13:58:27] GET    /api/patients                       [32m→ 304[0m (2ms)
[2026-04-12 13:59:52] GET    /api/patients                       [32m→ 304[0m (2ms)
[2026-04-12 13:59:52] GET    /api/patients                       [32m→ 304[0m (2ms)
[2026-04-12 14:19:20] GET    /api/patients                       [32m→ 304[0m (46ms)
[2026-04-12 14:19:20] GET    /api/patients                       [32m→ 304[0m (3ms)
[2026-04-12 14:22:22] GET    /api/patients                       [32m→ 304[0m (4ms)
[2026-04-12 14:22:22] GET    /api/patients                       [32m→ 304[0m (3ms)
[2026-04-12 14:22:55] POST   /api/patients                       [32m→ 201[0m (7ms)
[2026-04-12 14:22:57] GET    /api/patients                       [32m→ 200[0m (3ms)
[2026-04-12 14:22:57] GET    /api/patients                       [32m→ 304[0m (1ms)
[2026-04-12 14:23:12] GET    /api/patients                       [32m→ 304[0m (13ms)
[2026-04-12 14:23:33] GET    /api/patients                       [32m→ 304[0m (1ms)
[2026-04-12 14:23:34] GET    /api/patients                       [32m→ 304[0m (1ms)
[2026-04-12 14:23:42] GET    /api/patients                       [32m→ 304[0m (1ms)
[2026-04-12 14:23:42] GET    /api/patients                       [32m→ 304[0m (2ms)
[2026-04-12 14:24:06] GET    /api/patients                       [32m→ 304[0m (2ms)
[2026-04-12 14:24:06] GET    /api/patients                       [32m→ 304[0m (2ms)
[2026-04-12 14:24:16] GET    /api/patients                       [32m→ 304[0m (1ms)
[2026-04-12 14:24:24] GET    /api/patients                       [32m→ 304[0m (3ms)
[2026-04-12 14:24:25] GET    /api/patients                       [32m→ 304[0m (1ms)
[2026-04-12 14:24:36] GET    /api/patients                       [32m→ 304[0m (3ms)
[2026-04-12 14:24:36] GET    /api/patients                       [32m→ 304[0m (1ms)
[2026-04-12 14:24:39] PUT    /api/patients/c71d152f-74c2-43ce-98ec-575c4d231e04/verify [32m→ 200[0m (13ms)
[2026-04-12 14:24:39] GET    /api/patients                       [32m→ 200[0m (11ms)
[2026-04-12 14:24:46] GET    /api/patients                       [32m→ 304[0m (2ms)
[2026-04-12 14:24:47] GET    /api/patients                       [32m→ 304[0m (12ms)
[2026-04-12 14:24:47] GET    /api/patients                       [32m→ 304[0m (2ms)
[2026-04-12 14:25:11] GET    /api/patients                       [32m→ 304[0m (2ms)
[2026-04-12 14:25:11] GET    /api/patients                       [32m→ 304[0m (1ms)
[2026-04-12 14:25:22] GET    /api/patients                       [32m→ 304[0m (1ms)
[2026-04-12 14:25:23] GET    /api/patients                       [32m→ 304[0m (1ms)
[2026-04-12 14:25:25] PUT    /api/patients/c71d152f-74c2-43ce-98ec-575c4d231e04/start [32m→ 200[0m (1ms)
[2026-04-12 14:25:25] GET    /api/patients                       [32m→ 200[0m (2ms)
[2026-04-12 14:25:32] GET    /api/patients                       [32m→ 304[0m (2ms)
[2026-04-12 14:25:38] PUT    /api/patients/c71d152f-74c2-43ce-98ec-575c4d231e04/complete [32m→ 200[0m (2ms)
[2026-04-12 14:25:39] GET    /api/patients                       [32m→ 200[0m (2ms)
[2026-04-12 14:25:42] GET    /api/patients                       [32m→ 304[0m (1ms)
[2026-04-12 14:25:53] GET    /api/patients                       [32m→ 304[0m (1ms)
[2026-04-12 14:26:02] GET    /api/patients                       [32m→ 304[0m (1ms)
[2026-04-12 14:26:08] GET    /api/patients                       [32m→ 304[0m (2ms)
[2026-04-12 14:26:08] GET    /api/patients                       [32m→ 304[0m (1ms)
[2026-04-12 14:28:54] GET    /api/patients                       [32m→ 200[0m (12ms)
[2026-04-12 14:28:54] GET    /api/patients                       [32m→ 304[0m (2ms)
[2026-04-12 14:29:10] GET    /api/patients                       [32m→ 304[0m (2ms)
[2026-04-12 14:29:10] GET    /api/patients                       [32m→ 304[0m (1ms)
[2026-04-12 14:29:18] GET    /api/patients                       [32m→ 304[0m (2ms)
[2026-04-12 14:29:18] GET    /api/patients                       [32m→ 304[0m (2ms)
[2026-04-12 14:29:39] GET    /api/patients                       [32m→ 304[0m (1ms)
[2026-04-12 14:29:39] GET    /api/patients                       [32m→ 304[0m (3ms)
[2026-04-12 14:32:01] GET    /api/patients                       [32m→ 304[0m (2ms)
[2026-04-12 14:32:01] GET    /api/patients                       [32m→ 304[0m (1ms)
[2026-04-12 14:39:28] GET    /api/patients                       [32m→ 304[0m (2ms)
[2026-04-12 14:39:28] GET    /api/patients                       [32m→ 304[0m (2ms)
[2026-04-12 14:40:00] GET    /api/patients                       [32m→ 304[0m (1ms)
[2026-04-12 14:40:00] GET    /api/patients                       [32m→ 304[0m (4ms)
[2026-04-12 14:41:10] POST   /api/auth/signup                    [33m→ 404[0m (2ms)
[2026-04-12 14:42:55] POST   /api/auth/signup                    [33m→ 404[0m (1ms)
[2026-04-12 14:43:02] POST   /api/auth/login                     [33m→ 404[0m (2ms)
[2026-04-12 14:43:08] GET    /api/patients                       [32m→ 304[0m (1ms)
[2026-04-12 14:43:08] GET    /api/patients                       [32m→ 304[0m (3ms)
[2026-04-12 14:43:08] GET    /api/patients                       [32m→ 304[0m (2ms)
[2026-04-12 14:43:08] GET    /api/patients                       [32m→ 304[0m (1ms)
[2026-04-12 14:43:28] GET    /api/patients                       [32m→ 200[0m (3ms)
[2026-04-12 14:43:28] GET    /api/patients                       [32m→ 304[0m (2ms)
[2026-04-12 14:43:32] POST   /api/auth/login                     [33m→ 404[0m (0ms)
[2026-04-12 14:45:58] POST   /api/auth/login                     [33m→ 404[0m (2ms)
[2026-04-12 14:45:59] POST   /api/auth/login                     [33m→ 404[0m (2ms)
